// Vitest Snapshot v1, https://vitest.dev/guide/snapshot.html

exports[`Post component > renders correctly 1`] = `
<div>
  <div
    class="_postContainer_c511ce"
  >
    <h2
      class="_title_c511ce"
    >
      This is my first post
    </h2>
    <p
      class="_date_c511ce"
    >
      MAY 16, 2025
    </p>
    <div
      class="_text_eccd40"
    >
      <p>
        This is the body of my post
      </p>
    </div>
    <div
      class="_buttonContainer_c511ce"
    >
      <button>
        Publish post
      </button>
      <a
        class="_editLink_c511ce"
        href="/posts/edit/mockedId/this-is-blog-post"
      >
        <svg
          class="lucide lucide-notebook-pen"
          fill="none"
          height="24"
          stroke="currentColor"
          stroke-linecap="round"
          stroke-linejoin="round"
          stroke-width="2"
          viewBox="0 0 24 24"
          width="24"
          xmlns="http://www.w3.org/2000/svg"
        >
          <path
            d="M13.4 2H6a2 2 0 0 0-2 2v16a2 2 0 0 0 2 2h12a2 2 0 0 0 2-2v-7.4"
          />
          <path
            d="M2 6h4"
          />
          <path
            d="M2 10h4"
          />
          <path
            d="M2 14h4"
          />
          <path
            d="M2 18h4"
          />
          <path
            d="M21.378 5.626a1 1 0 1 0-3.004-3.004l-5.01 5.012a2 2 0 0 0-.506.854l-.837 2.87a.5.5 0 0 0 .62.62l2.87-.837a2 2 0 0 0 .854-.506z"
          />
        </svg>
         Edit this post
      </a>
    </div>
  </div>
</div>
`;
