// Vitest Snapshot v1, https://vitest.dev/guide/snapshot.html

exports[`CommentItem component > renders correctly 1`] = `
<div>
  <li
    class="_commentContainer_a882f3"
  >
    <div
      class="_head_a882f3"
    >
      <p
        class="_username_a882f3"
      >
        John Toe
      </p>
      <p>
        ·
      </p>
      <span
        class="_commentDetails_a882f3"
      >
        <p>
           
          8 years ago
        </p>
      </span>
    </div>
    <p>
      I'm commentin and criticizin
    </p>
    <button>
      Delete comment
    </button>
  </li>
</div>
`;
