// Vitest Snapshot v1, https://vitest.dev/guide/snapshot.html

exports[`Post Item component > renders correctly 1`] = `
<div>
  <li>
    <div
      class="_postItem_ee3eb9"
    >
      <a
        class="_postLink_ee3eb9"
        href="/posts/4Myr93Ad/art-of-testing"
      >
        <h3>
          Art of testing
        </h3>
        <div
          class="_dateContainer_ee3eb9"
        >
          <p>
            Created : 
            on September 21, 2023
          </p>
          <p>
            ·
          </p>
          <p>
            Last Update : 
            on January 10, 2024
          </p>
        </div>
        <div
          class="_preview_ee3eb9"
        >
          <p>
            Concise is nice
          </p>
        </div>
        <div
          class="_publicationContainer_ee3eb9"
        >
          <p
            class="_publicationStatus_ee3eb9"
          >
            <svg
              class="lucide lucide-book-check"
              fill="none"
              height="24"
              stroke="currentColor"
              stroke-linecap="round"
              stroke-linejoin="round"
              stroke-width="2"
              viewBox="0 0 24 24"
              width="24"
              xmlns="http://www.w3.org/2000/svg"
            >
              <path
                d="M4 19.5v-15A2.5 2.5 0 0 1 6.5 2H19a1 1 0 0 1 1 1v18a1 1 0 0 1-1 1H6.5a1 1 0 0 1 0-5H20"
              />
              <path
                d="m9 9.5 2 2 4-4"
              />
            </svg>
            Published
          </p>
        </div>
      </a>
    </div>
  </li>
</div>
`;
